SASL2_4.0 {
    global:
        auxprop_plugin_info;
        prop_clear;
        prop_dispose;
        prop_dup;
        prop_erase;
        prop_format;
        prop_get;
        prop_getnames;
        prop_new;
        prop_request;
        prop_set;
        prop_setvals;
        sasl_auxprop_add_plugin;
        sasl_auxprop_getctx;
        sasl_auxprop_request;
        sasl_auxprop_store;
        sasl_canonuser_add_plugin;
        sasl_checkapop;
        sasl_checkpass;
        sasl_churn;
        sasl_client_add_plugin;
        sasl_client_done;
        sasl_client_init;
        sasl_client_new;
        sasl_client_plugin_info;
        sasl_client_start;
        sasl_client_step;
        sasl_config_done;
        sasl_config_init;
        sasl_decode;
        sasl_decode64;
        sasl_dispose;
        sasl_done;
        sasl_encode;
        sasl_encode64;
        sasl_encodev;
        sasl_erasebuffer;
        sasl_errdetail;
        sasl_errstring;
        sasl_getprop;
        sasl_global_listmech;
        sasl_global_utils;
        sasl_idle;
        sasl_listmech;
        sasl_mkchal;
        sasl_rand;
        sasl_randcreate;
        sasl_randfree;
        sasl_randseed;
        sasl_server_add_plugin;
        sasl_server_done;
        sasl_server_init;
        sasl_server_new;
        sasl_server_plugin_info;
        sasl_server_start;
        sasl_server_step;
        sasl_set_alloc;
        sasl_seterror;
        sasl_set_mutex;
        sasl_setpass;
        sasl_set_path;
        sasl_setprop;
        sasl_strlower;
        sasl_user_exists;
        sasl_utf8verify;
        sasl_version;
        sasl_version_info;
    local:
        *;
};
